
> frontend@1.0.0 start
> next start

  ▲ Next.js 14.2.32
  - Local:        http://localhost:3000

 ✓ Starting...
 ✓ Ready in 411ms

> frontend@1.0.0 start
> next start

  ▲ Next.js 14.2.32
  - Local:        http://localhost:3000

 ✓ Starting...
 ✓ Ready in 383ms

> frontend@1.0.0 start
> next start

  ▲ Next.js 14.2.32
  - Local:        http://localhost:3000

 ✓ Starting...
 ✓ Ready in 390ms

> frontend@1.0.0 start
> next start

  ▲ Next.js 14.2.32
  - Local:        http://localhost:3000

 ✓ Starting...

> frontend@1.0.0 start
> next start

  ▲ Next.js 14.2.32
  - Local:        http://localhost:3000

 ✓ Starting...

> frontend@1.0.0 start
> next start

  ▲ Next.js 14.2.32
  - Local:        http://localhost:3000

 ✓ Starting...

> frontend@1.0.0 start
> next start

  ▲ Next.js 14.2.32
  - Local:        http://localhost:3000

 ✓ Starting...

> frontend@1.0.0 start
> next start

  ▲ Next.js 14.2.32
  - Local:        http://localhost:3000

 ✓ Starting...

> frontend@1.0.0 start
> next start

  ▲ Next.js 14.2.32
  - Local:        http://localhost:3000

 ✓ Starting...

> frontend@1.0.0 start
> next start

  ▲ Next.js 14.2.32
  - Local:        http://localhost:3000

 ✓ Starting...

> frontend@1.0.0 start
> next start

  ▲ Next.js 14.2.32
  - Local:        http://localhost:3000

 ✓ Starting...

> frontend@1.0.0 start
> next start

  ▲ Next.js 14.2.32
  - Local:        http://localhost:3000

 ✓ Starting...

> frontend@1.0.0 start
> next start

  ▲ Next.js 14.2.32
  - Local:        http://localhost:3000

 ✓ Starting...

> frontend@1.0.0 start
> next start

  ▲ Next.js 14.2.32
  - Local:        http://localhost:3000

 ✓ Starting...

> frontend@1.0.0 start
> next start

  ▲ Next.js 14.2.32
  - Local:        http://localhost:3000

 ✓ Starting...

> frontend@1.0.0 start
> next start

  ▲ Next.js 14.2.32
  - Local:        http://localhost:3000

 ✓ Starting...

> frontend@1.0.0 start
> next start

  ▲ Next.js 14.2.32
  - Local:        http://localhost:3000

 ✓ Starting...

> frontend@1.0.0 start
> next start

  ▲ Next.js 14.2.32
  - Local:        http://localhost:3000

 ✓ Starting...

> frontend@1.0.0 start
> next start

  ▲ Next.js 14.2.32
  - Local:        http://localhost:3000

 ✓ Starting...
