2025-09-01 13:24:48 +00:00:
2025-09-01 13:24:48 +00:00: > frontend@1.0.0 start
2025-09-01 13:24:48 +00:00: > next start
2025-09-01 13:24:48 +00:00:
2025-09-01 13:24:48 +00:00:   ▲ Next.js 14.2.32
2025-09-01 13:24:48 +00:00:   - Local:        http://localhost:3000
2025-09-01 13:24:48 +00:00:
2025-09-01 13:24:48 +00:00:  ✓ Starting...
2025-09-01 13:24:48 +00:00:  ✓ Ready in 411ms
2025-09-01 13:29:48 +00:00:
2025-09-01 13:29:48 +00:00: > frontend@1.0.0 start
2025-09-01 13:29:48 +00:00: > next start
2025-09-01 13:29:48 +00:00:
2025-09-01 13:29:48 +00:00:   ▲ Next.js 14.2.32
2025-09-01 13:29:48 +00:00:   - Local:        http://localhost:3000
2025-09-01 13:29:48 +00:00:
2025-09-01 13:29:48 +00:00:  ✓ Starting...
2025-09-01 13:29:48 +00:00:  ✓ Ready in 397ms
2025-09-01 13:33:52 +00:00:
2025-09-01 13:33:52 +00:00: > frontend@1.0.0 start
2025-09-01 13:33:52 +00:00: > next start
2025-09-01 13:33:52 +00:00:
2025-09-01 13:33:52 +00:00:   ▲ Next.js 14.2.32
2025-09-01 13:33:52 +00:00:   - Local:        http://localhost:3000
2025-09-01 13:33:52 +00:00:
2025-09-01 13:33:52 +00:00:  ✓ Starting...
2025-09-01 13:33:52 +00:00:  ✓ Ready in 382ms
2025-09-01 13:40:53 +00:00:
2025-09-01 13:40:53 +00:00: > frontend@1.0.0 start
2025-09-01 13:40:53 +00:00: > next start
2025-09-01 13:40:53 +00:00:
2025-09-01 13:40:53 +00:00:   ▲ Next.js 14.2.32
2025-09-01 13:40:53 +00:00:   - Local:        http://localhost:3000
2025-09-01 13:40:53 +00:00:
2025-09-01 13:40:53 +00:00:  ✓ Starting...
2025-09-01 13:40:54 +00:00:  ✓ Ready in 396ms
2025-09-01 13:53:38 +00:00:
2025-09-01 13:53:38 +00:00: > frontend@1.0.0 start
2025-09-01 13:53:38 +00:00: > next start
2025-09-01 13:53:38 +00:00:
2025-09-01 13:53:38 +00:00:   ▲ Next.js 14.2.32
2025-09-01 13:53:38 +00:00:   - Local:        http://localhost:3000
2025-09-01 13:53:38 +00:00:
2025-09-01 13:53:38 +00:00:  ✓ Starting...
2025-09-01 13:53:38 +00:00:  ✓ Ready in 430ms
2025-09-01 14:01:43 +00:00:
2025-09-01 14:01:43 +00:00: > frontend@1.0.0 start
2025-09-01 14:01:43 +00:00: > next start
2025-09-01 14:01:43 +00:00:
2025-09-01 14:01:44 +00:00:   ▲ Next.js 14.2.32
2025-09-01 14:01:44 +00:00:   - Local:        http://localhost:3000
2025-09-01 14:01:44 +00:00:
2025-09-01 14:01:44 +00:00:  ✓ Starting...
2025-09-01 14:01:44 +00:00:  ✓ Ready in 427ms
2025-09-01 14:05:57 +00:00:
2025-09-01 14:05:57 +00:00: > frontend@1.0.0 start
2025-09-01 14:05:57 +00:00: > next start
2025-09-01 14:05:57 +00:00:
2025-09-01 14:05:58 +00:00:   ▲ Next.js 14.2.32
2025-09-01 14:05:58 +00:00:   - Local:        http://localhost:3000
2025-09-01 14:05:58 +00:00:
2025-09-01 14:05:58 +00:00:  ✓ Starting...
2025-09-01 14:05:58 +00:00:  ✓ Ready in 416ms
2025-09-01 14:12:34 +00:00:
2025-09-01 14:12:34 +00:00: > frontend@1.0.0 start
2025-09-01 14:12:34 +00:00: > next start
2025-09-01 14:12:34 +00:00:
2025-09-01 14:12:34 +00:00:   ▲ Next.js 14.2.32
2025-09-01 14:12:34 +00:00:   - Local:        http://localhost:3000
2025-09-01 14:12:34 +00:00:
2025-09-01 14:12:34 +00:00:  ✓ Starting...
2025-09-01 14:12:34 +00:00:  ✓ Ready in 371ms
2025-09-01 14:14:32 +00:00:
2025-09-01 14:14:32 +00:00: > frontend@1.0.0 start
2025-09-01 14:14:32 +00:00: > next start
2025-09-01 14:14:32 +00:00:
2025-09-01 14:14:33 +00:00:   ▲ Next.js 14.2.32
2025-09-01 14:14:33 +00:00:   - Local:        http://localhost:3000
2025-09-01 14:14:33 +00:00:
2025-09-01 14:14:33 +00:00:  ✓ Starting...
2025-09-01 14:14:33 +00:00:  ✓ Ready in 420ms
2025-09-01 14:19:50 +00:00:
2025-09-01 14:19:50 +00:00: > frontend@1.0.0 start
2025-09-01 14:19:50 +00:00: > next start
2025-09-01 14:19:50 +00:00:
2025-09-01 14:19:50 +00:00:   ▲ Next.js 14.2.32
2025-09-01 14:19:50 +00:00:   - Local:        http://localhost:3000
2025-09-01 14:19:50 +00:00:
2025-09-01 14:19:50 +00:00:  ✓ Starting...
2025-09-01 14:19:50 +00:00:  ✓ Ready in 418ms
2025-09-01 14:32:16 +00:00:
2025-09-01 14:32:16 +00:00: > frontend@1.0.0 start
2025-09-01 14:32:16 +00:00: > next start
2025-09-01 14:32:16 +00:00:
2025-09-01 14:32:17 +00:00:   ▲ Next.js 14.2.32
2025-09-01 14:32:17 +00:00:   - Local:        http://localhost:3000
2025-09-01 14:32:17 +00:00:
2025-09-01 14:32:17 +00:00:  ✓ Starting...
2025-09-01 14:32:17 +00:00:  ✓ Ready in 448ms
2025-09-01 18:02:34 +00:00:
2025-09-01 18:02:34 +00:00: > frontend@1.0.0 start
2025-09-01 18:02:34 +00:00: > next start
2025-09-01 18:02:34 +00:00:
2025-09-01 18:02:34 +00:00:   ▲ Next.js 14.2.32
2025-09-01 18:02:34 +00:00:   - Local:        http://localhost:3000
2025-09-01 18:02:34 +00:00:
2025-09-01 18:02:34 +00:00:  ✓ Starting...
2025-09-01 18:02:35 +00:00:
2025-09-01 18:02:35 +00:00: > frontend@1.0.0 start
2025-09-01 18:02:35 +00:00: > next start
2025-09-01 18:02:35 +00:00:
2025-09-01 18:02:35 +00:00:   ▲ Next.js 14.2.32
2025-09-01 18:02:35 +00:00:   - Local:        http://localhost:3000
2025-09-01 18:02:35 +00:00:
2025-09-01 18:02:35 +00:00:  ✓ Starting...
2025-09-01 18:02:35 +00:00:
2025-09-01 18:02:35 +00:00: > frontend@1.0.0 start
2025-09-01 18:02:35 +00:00: > next start
2025-09-01 18:02:35 +00:00:
2025-09-01 18:02:35 +00:00:   ▲ Next.js 14.2.32
2025-09-01 18:02:35 +00:00:   - Local:        http://localhost:3000
2025-09-01 18:02:35 +00:00:
2025-09-01 18:02:35 +00:00:  ✓ Starting...
2025-09-01 18:02:36 +00:00:
2025-09-01 18:02:36 +00:00: > frontend@1.0.0 start
2025-09-01 18:02:36 +00:00: > next start
2025-09-01 18:02:36 +00:00:
2025-09-01 18:02:36 +00:00:   ▲ Next.js 14.2.32
2025-09-01 18:02:36 +00:00:   - Local:        http://localhost:3000
2025-09-01 18:02:36 +00:00:
2025-09-01 18:02:36 +00:00:  ✓ Starting...
2025-09-01 18:02:37 +00:00:
2025-09-01 18:02:37 +00:00: > frontend@1.0.0 start
2025-09-01 18:02:37 +00:00: > next start
2025-09-01 18:02:37 +00:00:
2025-09-01 18:02:37 +00:00:   ▲ Next.js 14.2.32
2025-09-01 18:02:37 +00:00:   - Local:        http://localhost:3000
2025-09-01 18:02:37 +00:00:
2025-09-01 18:02:37 +00:00:  ✓ Starting...
2025-09-01 18:02:37 +00:00:
2025-09-01 18:02:37 +00:00: > frontend@1.0.0 start
2025-09-01 18:02:37 +00:00: > next start
2025-09-01 18:02:37 +00:00:
2025-09-01 18:02:37 +00:00:   ▲ Next.js 14.2.32
2025-09-01 18:02:37 +00:00:   - Local:        http://localhost:3000
2025-09-01 18:02:37 +00:00:
2025-09-01 18:02:37 +00:00:  ✓ Starting...
2025-09-01 18:02:38 +00:00:
2025-09-01 18:02:38 +00:00: > frontend@1.0.0 start
2025-09-01 18:02:38 +00:00: > next start
2025-09-01 18:02:38 +00:00:
2025-09-01 18:02:38 +00:00:   ▲ Next.js 14.2.32
2025-09-01 18:02:38 +00:00:   - Local:        http://localhost:3000
2025-09-01 18:02:38 +00:00:
2025-09-01 18:02:38 +00:00:  ✓ Starting...
2025-09-01 18:02:39 +00:00:
2025-09-01 18:02:39 +00:00: > frontend@1.0.0 start
2025-09-01 18:02:39 +00:00: > next start
2025-09-01 18:02:39 +00:00:
2025-09-01 18:02:39 +00:00:   ▲ Next.js 14.2.32
2025-09-01 18:02:39 +00:00:   - Local:        http://localhost:3000
2025-09-01 18:02:39 +00:00:
2025-09-01 18:02:39 +00:00:  ✓ Starting...
2025-09-01 18:02:39 +00:00:
2025-09-01 18:02:39 +00:00: > frontend@1.0.0 start
2025-09-01 18:02:39 +00:00: > next start
2025-09-01 18:02:39 +00:00:
2025-09-01 18:02:39 +00:00:   ▲ Next.js 14.2.32
2025-09-01 18:02:39 +00:00:   - Local:        http://localhost:3000
2025-09-01 18:02:39 +00:00:
2025-09-01 18:02:39 +00:00:  ✓ Starting...
2025-09-01 18:02:40 +00:00:
2025-09-01 18:02:40 +00:00: > frontend@1.0.0 start
2025-09-01 18:02:40 +00:00: > next start
2025-09-01 18:02:40 +00:00:
2025-09-01 18:02:40 +00:00:   ▲ Next.js 14.2.32
2025-09-01 18:02:40 +00:00:   - Local:        http://localhost:3000
2025-09-01 18:02:40 +00:00:
2025-09-01 18:02:40 +00:00:  ✓ Starting...
2025-09-01 18:02:41 +00:00:
2025-09-01 18:02:41 +00:00: > frontend@1.0.0 start
2025-09-01 18:02:41 +00:00: > next start
2025-09-01 18:02:41 +00:00:
2025-09-01 18:02:41 +00:00:   ▲ Next.js 14.2.32
2025-09-01 18:02:41 +00:00:   - Local:        http://localhost:3000
2025-09-01 18:02:41 +00:00:
2025-09-01 18:02:41 +00:00:  ✓ Starting...
2025-09-01 18:02:41 +00:00:
2025-09-01 18:02:41 +00:00: > frontend@1.0.0 start
2025-09-01 18:02:41 +00:00: > next start
2025-09-01 18:02:41 +00:00:
2025-09-01 18:02:41 +00:00:   ▲ Next.js 14.2.32
2025-09-01 18:02:41 +00:00:   - Local:        http://localhost:3000
2025-09-01 18:02:41 +00:00:
2025-09-01 18:02:41 +00:00:  ✓ Starting...
2025-09-01 18:02:42 +00:00:
2025-09-01 18:02:42 +00:00: > frontend@1.0.0 start
2025-09-01 18:02:42 +00:00: > next start
2025-09-01 18:02:42 +00:00:
2025-09-01 18:02:42 +00:00:   ▲ Next.js 14.2.32
2025-09-01 18:02:42 +00:00:   - Local:        http://localhost:3000
2025-09-01 18:02:42 +00:00:
2025-09-01 18:02:42 +00:00:  ✓ Starting...
2025-09-01 18:02:43 +00:00:
2025-09-01 18:02:43 +00:00: > frontend@1.0.0 start
2025-09-01 18:02:43 +00:00: > next start
2025-09-01 18:02:43 +00:00:
2025-09-01 18:02:43 +00:00:   ▲ Next.js 14.2.32
2025-09-01 18:02:43 +00:00:   - Local:        http://localhost:3000
2025-09-01 18:02:43 +00:00:
2025-09-01 18:02:43 +00:00:  ✓ Starting...
2025-09-01 18:02:43 +00:00:
2025-09-01 18:02:43 +00:00: > frontend@1.0.0 start
2025-09-01 18:02:43 +00:00: > next start
2025-09-01 18:02:43 +00:00:
2025-09-01 18:02:43 +00:00:   ▲ Next.js 14.2.32
2025-09-01 18:02:43 +00:00:   - Local:        http://localhost:3000
2025-09-01 18:02:43 +00:00:
2025-09-01 18:02:43 +00:00:  ✓ Starting...
2025-09-01 18:02:44 +00:00:
2025-09-01 18:02:44 +00:00: > frontend@1.0.0 start
2025-09-01 18:02:44 +00:00: > next start
2025-09-01 18:02:44 +00:00:
2025-09-01 18:02:44 +00:00:   ▲ Next.js 14.2.32
2025-09-01 18:02:44 +00:00:   - Local:        http://localhost:3000
2025-09-01 18:02:44 +00:00:
2025-09-01 18:02:44 +00:00:  ✓ Starting...
