2025-09-01 13:53:38 +00:00: Server running on port 5000
2025-09-01 13:53:38 +00:00: Environment: production
2025-09-01 13:53:38 +00:00: Server running on port 5000
2025-09-01 13:53:38 +00:00: Environment: production
2025-09-01 14:01:43 +00:00: Server running on port 5000
2025-09-01 14:01:43 +00:00: Environment: production
2025-09-01 14:01:43 +00:00: Server running on port 5000
2025-09-01 14:01:43 +00:00: Environment: production
2025-09-01 14:05:58 +00:00: Server running on port 5000
2025-09-01 14:05:58 +00:00: Environment: production
2025-09-01 14:05:58 +00:00: Server running on port 5000
2025-09-01 14:05:58 +00:00: Environment: production
2025-09-01 14:14:32 +00:00: Server running on port 5000
2025-09-01 14:14:32 +00:00: Environment: production
2025-09-01 14:14:32 +00:00: Server running on port 5000
2025-09-01 14:14:32 +00:00: Environment: production
2025-09-01 14:19:50 +00:00: Server running on port 5000
2025-09-01 14:19:50 +00:00: Environment: production
2025-09-01 14:19:50 +00:00: Server running on port 5000
2025-09-01 14:19:50 +00:00: Environment: production
2025-09-01 14:32:17 +00:00: Server running on port 5000
2025-09-01 14:32:17 +00:00: Environment: production
2025-09-01 14:32:17 +00:00: Server running on port 5000
2025-09-01 14:32:17 +00:00: Environment: production
2025-09-01 14:32:17 +00:00: ::1 - - [01/Sep/2025:14:32:17 +0000] "GET /api/health HTTP/1.1" 200 54 "-" "curl/8.5.0"
2025-09-01 14:32:17 +00:00: ::1 - - [01/Sep/2025:14:32:17 +0000] "GET /api/memory HTTP/1.1" 200 72 "-" "curl/8.5.0"
2025-09-01 14:32:17 +00:00: ::1 - - [01/Sep/2025:14:32:17 +0000] "GET /api/qdrant/health HTTP/1.1" 200 84 "-" "curl/8.5.0"
2025-09-01 14:49:20 +00:00: ::ffff:127.0.0.1 - - [01/Sep/2025:14:49:20 +0000] "HEAD /health HTTP/1.0" 404 146 "-" "curl/8.5.0"
2025-09-01 14:49:20 +00:00: ::ffff:127.0.0.1 - - [01/Sep/2025:14:49:20 +0000] "HEAD /health HTTP/1.0" 404 146 "-" "curl/8.5.0"
2025-09-01 14:49:20 +00:00: ::1 - - [01/Sep/2025:14:49:20 +0000] "GET /health HTTP/1.1" 404 145 "-" "curl/8.5.0"
2025-09-01 14:49:20 +00:00: ::1 - - [01/Sep/2025:14:49:20 +0000] "GET /health HTTP/1.1" 404 145 "-" "curl/8.5.0"
2025-09-01 14:53:38 +00:00: ::1 - - [01/Sep/2025:14:53:38 +0000] "GET / HTTP/1.1" 404 139 "-" "curl/8.5.0"
2025-09-01 18:02:34 +00:00: 2025-09-01T18:02:34.312Z: ✅ AuraPartnerAI Backend started on port 5000
2025-09-01 18:02:34 +00:00: 2025-09-01T18:02:34.315Z: Environment: production
2025-09-01 18:02:34 +00:00: 2025-09-01T18:02:34.315Z: Health check: http://localhost:5000/health
2025-09-01 18:02:34 +00:00: 2025-09-01T18:02:34.332Z: ✅ AuraPartnerAI Backend started on port 5000
2025-09-01 18:02:34 +00:00: 2025-09-01T18:02:34.334Z: Environment: production
2025-09-01 18:02:34 +00:00: 2025-09-01T18:02:34.334Z: Health check: http://localhost:5000/health
2025-09-01 18:07:48 +00:00: 2025-09-01T18:07:48.750Z: ✅ AuraPartnerAI Backend started on port 5000
2025-09-01 18:07:48 +00:00: 2025-09-01T18:07:48.753Z: Environment: production
2025-09-01 18:07:48 +00:00: 2025-09-01T18:07:48.753Z: Health check: http://localhost:5000/health
2025-09-01 18:07:48 +00:00: 2025-09-01T18:07:48.910Z: ✅ AuraPartnerAI Backend started on port 5000
2025-09-01 18:07:48 +00:00: 2025-09-01T18:07:48.912Z: Environment: production
2025-09-01 18:07:48 +00:00: 2025-09-01T18:07:48.912Z: Health check: http://localhost:5000/health
2025-09-01 18:14:02 +00:00: 🚀 AuraPartnerAI Backend running on port 5000
2025-09-01 18:14:02 +00:00: 🚀 AuraPartnerAI Backend running on port 5000
