You have triggered an unhandledRejection, you may have forgotten to catch a Promise rejection:
Error: Cannot find package 'morgan' imported from /opt/aurapartnerai/backend/dist/server.js
    at new NodeError (node:internal/errors:405:5)
    at packageResolve (node:internal/modules/esm/resolve:916:9)
    at moduleResolve (node:internal/modules/esm/resolve:973:20)
    at defaultResolve (node:internal/modules/esm/resolve:1206:11)
    at ModuleLoader.defaultResolve (node:internal/modules/esm/loader:404:12)
    at ModuleLoader.resolve (node:internal/modules/esm/loader:373:25)
    at ModuleLoader.getModuleJob (node:internal/modules/esm/loader:250:38)
    at ModuleWrap.<anonymous> (node:internal/modules/esm/module_job:76:39)
    at link (node:internal/modules/esm/module_job:75:36)
You have triggered an unhandledRejection, you may have forgotten to catch a Promise rejection:
Error: Cannot find package 'morgan' imported from /opt/aurapartnerai/backend/dist/server.js
    at new NodeError (node:internal/errors:405:5)
    at packageResolve (node:internal/modules/esm/resolve:916:9)
    at moduleResolve (node:internal/modules/esm/resolve:973:20)
    at defaultResolve (node:internal/modules/esm/resolve:1206:11)
    at ModuleLoader.defaultResolve (node:internal/modules/esm/loader:404:12)
    at ModuleLoader.resolve (node:internal/modules/esm/loader:373:25)
    at ModuleLoader.getModuleJob (node:internal/modules/esm/loader:250:38)
    at ModuleWrap.<anonymous> (node:internal/modules/esm/module_job:76:39)
    at link (node:internal/modules/esm/module_job:75:36)
You have triggered an unhandledRejection, you may have forgotten to catch a Promise rejection:
file:///opt/aurapartnerai/backend/dist/api/qdrant.js:1
import { Request, Response, Router } from 'express';
         ^^^^^^^
SyntaxError: Named export 'Request' not found. The requested module 'express' is a CommonJS module, which may not support all module.exports as named exports.
CommonJS modules can always be imported via the default export, for example using:

import pkg from 'express';
const { Request, Response, Router } = pkg;

    at ModuleJob._instantiate (node:internal/modules/esm/module_job:123:21)
    at ModuleJob.run (node:internal/modules/esm/module_job:191:5)
    at ModuleLoader.import (node:internal/modules/esm/loader:337:24)
    at importModuleDynamicallyWrapper (node:internal/vm/module:432:15)
You have triggered an unhandledRejection, you may have forgotten to catch a Promise rejection:
file:///opt/aurapartnerai/backend/dist/api/qdrant.js:1
import { Request, Response, Router } from 'express';
         ^^^^^^^
SyntaxError: Named export 'Request' not found. The requested module 'express' is a CommonJS module, which may not support all module.exports as named exports.
CommonJS modules can always be imported via the default export, for example using:

import pkg from 'express';
const { Request, Response, Router } = pkg;

    at ModuleJob._instantiate (node:internal/modules/esm/module_job:123:21)
    at ModuleJob.run (node:internal/modules/esm/module_job:191:5)
    at ModuleLoader.import (node:internal/modules/esm/loader:337:24)
    at importModuleDynamicallyWrapper (node:internal/vm/module:432:15)
2025-09-01 13:53:38 +00:00: Failed to obtain server version. Unable to check client-server compatibility. Set checkCompatibility=false to skip version check.
2025-09-01 13:53:38 +00:00: Error initializing Qdrant collections: TypeError: fetch failed
    at node:internal/deps/undici/undici:12637:11
    at processTicksAndRejections (node:internal/process/task_queues:95:5)
    at fetchJson (file:///opt/aurapartnerai/backend/node_modules/@qdrant/openapi-typescript-fetch/dist/esm/fetcher.js:132:22)
    at file:///opt/aurapartnerai/backend/node_modules/@qdrant/js-client-rest/dist/esm/api-client.js:32:24
    at handler (file:///opt/aurapartnerai/backend/node_modules/@qdrant/openapi-typescript-fetch/dist/esm/fetcher.js:153:16)
    at file:///opt/aurapartnerai/backend/node_modules/@qdrant/js-client-rest/dist/esm/api-client.js:16:24
    at handler (file:///opt/aurapartnerai/backend/node_modules/@qdrant/openapi-typescript-fetch/dist/esm/fetcher.js:153:16)
    at fetchUrl (file:///opt/aurapartnerai/backend/node_modules/@qdrant/openapi-typescript-fetch/dist/esm/fetcher.js:159:22)
    at Object.fun [as getCollections] (file:///opt/aurapartnerai/backend/node_modules/@qdrant/openapi-typescript-fetch/dist/esm/fetcher.js:165:20)
    at QdrantClient.getCollections (file:///opt/aurapartnerai/backend/node_modules/@qdrant/js-client-rest/dist/esm/qdrant-client.js:872:26) {
  cause: Error: getaddrinfo ENOTFOUND qdrant
      at GetAddrInfoReqWrap.onlookup [as oncomplete] (node:dns:107:26) {
    errno: -3008,
    code: 'ENOTFOUND',
    syscall: 'getaddrinfo',
    hostname: 'qdrant'
  }
}
2025-09-01 13:53:38 +00:00: Failed to obtain server version. Unable to check client-server compatibility. Set checkCompatibility=false to skip version check.
2025-09-01 13:53:38 +00:00: Error initializing Qdrant collections: TypeError: fetch failed
    at node:internal/deps/undici/undici:12637:11
    at processTicksAndRejections (node:internal/process/task_queues:95:5)
    at fetchJson (file:///opt/aurapartnerai/backend/node_modules/@qdrant/openapi-typescript-fetch/dist/esm/fetcher.js:132:22)
    at file:///opt/aurapartnerai/backend/node_modules/@qdrant/js-client-rest/dist/esm/api-client.js:32:24
    at handler (file:///opt/aurapartnerai/backend/node_modules/@qdrant/openapi-typescript-fetch/dist/esm/fetcher.js:153:16)
    at file:///opt/aurapartnerai/backend/node_modules/@qdrant/js-client-rest/dist/esm/api-client.js:16:24
    at handler (file:///opt/aurapartnerai/backend/node_modules/@qdrant/openapi-typescript-fetch/dist/esm/fetcher.js:153:16)
    at fetchUrl (file:///opt/aurapartnerai/backend/node_modules/@qdrant/openapi-typescript-fetch/dist/esm/fetcher.js:159:22)
    at Object.fun [as getCollections] (file:///opt/aurapartnerai/backend/node_modules/@qdrant/openapi-typescript-fetch/dist/esm/fetcher.js:165:20)
    at QdrantClient.getCollections (file:///opt/aurapartnerai/backend/node_modules/@qdrant/js-client-rest/dist/esm/qdrant-client.js:872:26) {
  cause: Error: getaddrinfo ENOTFOUND qdrant
      at GetAddrInfoReqWrap.onlookup [as oncomplete] (node:dns:107:26) {
    errno: -3008,
    code: 'ENOTFOUND',
    syscall: 'getaddrinfo',
    hostname: 'qdrant'
  }
}
2025-09-01 14:01:43 +00:00: Error initializing Qdrant collections: TypeError: fetch failed
    at node:internal/deps/undici/undici:12637:11
    at processTicksAndRejections (node:internal/process/task_queues:95:5)
    at fetchJson (file:///opt/aurapartnerai/backend/node_modules/@qdrant/openapi-typescript-fetch/dist/esm/fetcher.js:132:22)
    at file:///opt/aurapartnerai/backend/node_modules/@qdrant/js-client-rest/dist/esm/api-client.js:32:24
    at handler (file:///opt/aurapartnerai/backend/node_modules/@qdrant/openapi-typescript-fetch/dist/esm/fetcher.js:153:16)
    at file:///opt/aurapartnerai/backend/node_modules/@qdrant/js-client-rest/dist/esm/api-client.js:16:24
    at handler (file:///opt/aurapartnerai/backend/node_modules/@qdrant/openapi-typescript-fetch/dist/esm/fetcher.js:153:16)
    at fetchUrl (file:///opt/aurapartnerai/backend/node_modules/@qdrant/openapi-typescript-fetch/dist/esm/fetcher.js:159:22)
    at Object.fun [as getCollections] (file:///opt/aurapartnerai/backend/node_modules/@qdrant/openapi-typescript-fetch/dist/esm/fetcher.js:165:20)
    at QdrantClient.getCollections (file:///opt/aurapartnerai/backend/node_modules/@qdrant/js-client-rest/dist/esm/qdrant-client.js:872:26) {
  cause: Error: getaddrinfo ENOTFOUND aura-qdrant
      at GetAddrInfoReqWrap.onlookup [as oncomplete] (node:dns:107:26) {
    errno: -3008,
    code: 'ENOTFOUND',
    syscall: 'getaddrinfo',
    hostname: 'aura-qdrant'
  }
}
2025-09-01 14:01:43 +00:00: Error initializing Qdrant collections: TypeError: fetch failed
    at node:internal/deps/undici/undici:12637:11
    at processTicksAndRejections (node:internal/process/task_queues:95:5)
    at fetchJson (file:///opt/aurapartnerai/backend/node_modules/@qdrant/openapi-typescript-fetch/dist/esm/fetcher.js:132:22)
    at file:///opt/aurapartnerai/backend/node_modules/@qdrant/js-client-rest/dist/esm/api-client.js:32:24
    at handler (file:///opt/aurapartnerai/backend/node_modules/@qdrant/openapi-typescript-fetch/dist/esm/fetcher.js:153:16)
    at file:///opt/aurapartnerai/backend/node_modules/@qdrant/js-client-rest/dist/esm/api-client.js:16:24
    at handler (file:///opt/aurapartnerai/backend/node_modules/@qdrant/openapi-typescript-fetch/dist/esm/fetcher.js:153:16)
    at fetchUrl (file:///opt/aurapartnerai/backend/node_modules/@qdrant/openapi-typescript-fetch/dist/esm/fetcher.js:159:22)
    at Object.fun [as getCollections] (file:///opt/aurapartnerai/backend/node_modules/@qdrant/openapi-typescript-fetch/dist/esm/fetcher.js:165:20)
    at QdrantClient.getCollections (file:///opt/aurapartnerai/backend/node_modules/@qdrant/js-client-rest/dist/esm/qdrant-client.js:872:26) {
  cause: Error: getaddrinfo ENOTFOUND aura-qdrant
      at GetAddrInfoReqWrap.onlookup [as oncomplete] (node:dns:107:26) {
    errno: -3008,
    code: 'ENOTFOUND',
    syscall: 'getaddrinfo',
    hostname: 'aura-qdrant'
  }
}
2025-09-01 14:01:44 +00:00: Failed to obtain server version. Unable to check client-server compatibility. Set checkCompatibility=false to skip version check.
2025-09-01 14:01:44 +00:00: Failed to obtain server version. Unable to check client-server compatibility. Set checkCompatibility=false to skip version check.
2025-09-01 14:05:58 +00:00: Failed to obtain server version. Unable to check client-server compatibility. Set checkCompatibility=false to skip version check.
2025-09-01 14:05:58 +00:00: Failed to obtain server version. Unable to check client-server compatibility. Set checkCompatibility=false to skip version check.
2025-09-01 14:06:03 +00:00: Error initializing Qdrant collections: TypeError: fetch failed
    at node:internal/deps/undici/undici:12637:11
    at processTicksAndRejections (node:internal/process/task_queues:95:5)
    at fetchJson (file:///opt/aurapartnerai/backend/node_modules/@qdrant/openapi-typescript-fetch/dist/esm/fetcher.js:132:22)
    at file:///opt/aurapartnerai/backend/node_modules/@qdrant/js-client-rest/dist/esm/api-client.js:32:24
    at handler (file:///opt/aurapartnerai/backend/node_modules/@qdrant/openapi-typescript-fetch/dist/esm/fetcher.js:153:16)
    at file:///opt/aurapartnerai/backend/node_modules/@qdrant/js-client-rest/dist/esm/api-client.js:16:24
    at handler (file:///opt/aurapartnerai/backend/node_modules/@qdrant/openapi-typescript-fetch/dist/esm/fetcher.js:153:16)
    at fetchUrl (file:///opt/aurapartnerai/backend/node_modules/@qdrant/openapi-typescript-fetch/dist/esm/fetcher.js:159:22)
    at Object.fun [as getCollections] (file:///opt/aurapartnerai/backend/node_modules/@qdrant/openapi-typescript-fetch/dist/esm/fetcher.js:165:20)
    at QdrantClient.getCollections (file:///opt/aurapartnerai/backend/node_modules/@qdrant/js-client-rest/dist/esm/qdrant-client.js:872:26) {
  cause: Error: getaddrinfo ENOTFOUND aura-qdrant
      at GetAddrInfoReqWrap.onlookup [as oncomplete] (node:dns:107:26) {
    errno: -3008,
    code: 'ENOTFOUND',
    syscall: 'getaddrinfo',
    hostname: 'aura-qdrant'
  }
}
2025-09-01 14:06:03 +00:00: Error initializing Qdrant collections: TypeError: fetch failed
    at node:internal/deps/undici/undici:12637:11
    at processTicksAndRejections (node:internal/process/task_queues:95:5)
    at fetchJson (file:///opt/aurapartnerai/backend/node_modules/@qdrant/openapi-typescript-fetch/dist/esm/fetcher.js:132:22)
    at file:///opt/aurapartnerai/backend/node_modules/@qdrant/js-client-rest/dist/esm/api-client.js:32:24
    at handler (file:///opt/aurapartnerai/backend/node_modules/@qdrant/openapi-typescript-fetch/dist/esm/fetcher.js:153:16)
    at file:///opt/aurapartnerai/backend/node_modules/@qdrant/js-client-rest/dist/esm/api-client.js:16:24
    at handler (file:///opt/aurapartnerai/backend/node_modules/@qdrant/openapi-typescript-fetch/dist/esm/fetcher.js:153:16)
    at fetchUrl (file:///opt/aurapartnerai/backend/node_modules/@qdrant/openapi-typescript-fetch/dist/esm/fetcher.js:159:22)
    at Object.fun [as getCollections] (file:///opt/aurapartnerai/backend/node_modules/@qdrant/openapi-typescript-fetch/dist/esm/fetcher.js:165:20)
    at QdrantClient.getCollections (file:///opt/aurapartnerai/backend/node_modules/@qdrant/js-client-rest/dist/esm/qdrant-client.js:872:26) {
  cause: Error: getaddrinfo ENOTFOUND aura-qdrant
      at GetAddrInfoReqWrap.onlookup [as oncomplete] (node:dns:107:26) {
    errno: -3008,
    code: 'ENOTFOUND',
    syscall: 'getaddrinfo',
    hostname: 'aura-qdrant'
  }
}
You have triggered an unhandledRejection, you may have forgotten to catch a Promise rejection:
file:///opt/aurapartnerai/backend/dist/api/qdrant.js:1
import express, { Express, Request, Response } from 'express';
                  ^^^^^^^
SyntaxError: Named export 'Express' not found. The requested module 'express' is a CommonJS module, which may not support all module.exports as named exports.
CommonJS modules can always be imported via the default export, for example using:

import pkg from 'express';
const { Express, Request, Response } = pkg;

    at ModuleJob._instantiate (node:internal/modules/esm/module_job:123:21)
    at ModuleJob.run (node:internal/modules/esm/module_job:191:5)
    at ModuleLoader.import (node:internal/modules/esm/loader:337:24)
    at importModuleDynamicallyWrapper (node:internal/vm/module:432:15)
You have triggered an unhandledRejection, you may have forgotten to catch a Promise rejection:
file:///opt/aurapartnerai/backend/dist/api/qdrant.js:1
import express, { Express, Request, Response } from 'express';
                  ^^^^^^^
SyntaxError: Named export 'Express' not found. The requested module 'express' is a CommonJS module, which may not support all module.exports as named exports.
CommonJS modules can always be imported via the default export, for example using:

import pkg from 'express';
const { Express, Request, Response } = pkg;

    at ModuleJob._instantiate (node:internal/modules/esm/module_job:123:21)
    at ModuleJob.run (node:internal/modules/esm/module_job:191:5)
    at ModuleLoader.import (node:internal/modules/esm/loader:337:24)
    at importModuleDynamicallyWrapper (node:internal/vm/module:432:15)
2025-09-01 14:14:32 +00:00: Failed to obtain server version. Unable to check client-server compatibility. Set checkCompatibility=false to skip version check.
2025-09-01 14:14:32 +00:00: Failed to obtain server version. Unable to check client-server compatibility. Set checkCompatibility=false to skip version check.
2025-09-01 14:14:42 +00:00: Error initializing Qdrant collections: TypeError: fetch failed
    at node:internal/deps/undici/undici:12637:11
    at processTicksAndRejections (node:internal/process/task_queues:95:5)
    at fetchJson (file:///opt/aurapartnerai/backend/node_modules/@qdrant/openapi-typescript-fetch/dist/esm/fetcher.js:132:22)
    at file:///opt/aurapartnerai/backend/node_modules/@qdrant/js-client-rest/dist/esm/api-client.js:32:24
    at handler (file:///opt/aurapartnerai/backend/node_modules/@qdrant/openapi-typescript-fetch/dist/esm/fetcher.js:153:16)
    at file:///opt/aurapartnerai/backend/node_modules/@qdrant/js-client-rest/dist/esm/api-client.js:16:24
    at handler (file:///opt/aurapartnerai/backend/node_modules/@qdrant/openapi-typescript-fetch/dist/esm/fetcher.js:153:16)
    at fetchUrl (file:///opt/aurapartnerai/backend/node_modules/@qdrant/openapi-typescript-fetch/dist/esm/fetcher.js:159:22)
    at Object.fun [as getCollections] (file:///opt/aurapartnerai/backend/node_modules/@qdrant/openapi-typescript-fetch/dist/esm/fetcher.js:165:20)
    at QdrantClient.getCollections (file:///opt/aurapartnerai/backend/node_modules/@qdrant/js-client-rest/dist/esm/qdrant-client.js:872:26) {
  cause: Error: getaddrinfo ENOTFOUND qdrant
      at GetAddrInfoReqWrap.onlookup [as oncomplete] (node:dns:107:26) {
    errno: -3008,
    code: 'ENOTFOUND',
    syscall: 'getaddrinfo',
    hostname: 'qdrant'
  }
}
2025-09-01 14:14:42 +00:00: Error initializing Qdrant collections: TypeError: fetch failed
    at node:internal/deps/undici/undici:12637:11
    at processTicksAndRejections (node:internal/process/task_queues:95:5)
    at fetchJson (file:///opt/aurapartnerai/backend/node_modules/@qdrant/openapi-typescript-fetch/dist/esm/fetcher.js:132:22)
    at file:///opt/aurapartnerai/backend/node_modules/@qdrant/js-client-rest/dist/esm/api-client.js:32:24
    at handler (file:///opt/aurapartnerai/backend/node_modules/@qdrant/openapi-typescript-fetch/dist/esm/fetcher.js:153:16)
    at file:///opt/aurapartnerai/backend/node_modules/@qdrant/js-client-rest/dist/esm/api-client.js:16:24
    at handler (file:///opt/aurapartnerai/backend/node_modules/@qdrant/openapi-typescript-fetch/dist/esm/fetcher.js:153:16)
    at fetchUrl (file:///opt/aurapartnerai/backend/node_modules/@qdrant/openapi-typescript-fetch/dist/esm/fetcher.js:159:22)
    at Object.fun [as getCollections] (file:///opt/aurapartnerai/backend/node_modules/@qdrant/openapi-typescript-fetch/dist/esm/fetcher.js:165:20)
    at QdrantClient.getCollections (file:///opt/aurapartnerai/backend/node_modules/@qdrant/js-client-rest/dist/esm/qdrant-client.js:872:26) {
  cause: Error: getaddrinfo ENOTFOUND qdrant
      at GetAddrInfoReqWrap.onlookup [as oncomplete] (node:dns:107:26) {
    errno: -3008,
    code: 'ENOTFOUND',
    syscall: 'getaddrinfo',
    hostname: 'qdrant'
  }
}
2025-09-01 14:19:50 +00:00: Failed to obtain server version. Unable to check client-server compatibility. Set checkCompatibility=false to skip version check.
2025-09-01 14:19:50 +00:00: Failed to obtain server version. Unable to check client-server compatibility. Set checkCompatibility=false to skip version check.
2025-09-01 14:20:05 +00:00: Error initializing Qdrant collections: TypeError: fetch failed
    at node:internal/deps/undici/undici:12637:11
    at processTicksAndRejections (node:internal/process/task_queues:95:5)
    at fetchJson (file:///opt/aurapartnerai/backend/node_modules/@qdrant/openapi-typescript-fetch/dist/esm/fetcher.js:132:22)
    at file:///opt/aurapartnerai/backend/node_modules/@qdrant/js-client-rest/dist/esm/api-client.js:32:24
    at handler (file:///opt/aurapartnerai/backend/node_modules/@qdrant/openapi-typescript-fetch/dist/esm/fetcher.js:153:16)
    at file:///opt/aurapartnerai/backend/node_modules/@qdrant/js-client-rest/dist/esm/api-client.js:16:24
    at handler (file:///opt/aurapartnerai/backend/node_modules/@qdrant/openapi-typescript-fetch/dist/esm/fetcher.js:153:16)
    at fetchUrl (file:///opt/aurapartnerai/backend/node_modules/@qdrant/openapi-typescript-fetch/dist/esm/fetcher.js:159:22)
    at Object.fun [as getCollections] (file:///opt/aurapartnerai/backend/node_modules/@qdrant/openapi-typescript-fetch/dist/esm/fetcher.js:165:20)
    at QdrantClient.getCollections (file:///opt/aurapartnerai/backend/node_modules/@qdrant/js-client-rest/dist/esm/qdrant-client.js:872:26) {
  cause: Error: getaddrinfo ENOTFOUND qdrant
      at GetAddrInfoReqWrap.onlookup [as oncomplete] (node:dns:107:26) {
    errno: -3008,
    code: 'ENOTFOUND',
    syscall: 'getaddrinfo',
    hostname: 'qdrant'
  }
}
2025-09-01 14:20:05 +00:00: Error initializing Qdrant collections: TypeError: fetch failed
    at node:internal/deps/undici/undici:12637:11
    at processTicksAndRejections (node:internal/process/task_queues:95:5)
    at fetchJson (file:///opt/aurapartnerai/backend/node_modules/@qdrant/openapi-typescript-fetch/dist/esm/fetcher.js:132:22)
    at file:///opt/aurapartnerai/backend/node_modules/@qdrant/js-client-rest/dist/esm/api-client.js:32:24
    at handler (file:///opt/aurapartnerai/backend/node_modules/@qdrant/openapi-typescript-fetch/dist/esm/fetcher.js:153:16)
    at file:///opt/aurapartnerai/backend/node_modules/@qdrant/js-client-rest/dist/esm/api-client.js:16:24
    at handler (file:///opt/aurapartnerai/backend/node_modules/@qdrant/openapi-typescript-fetch/dist/esm/fetcher.js:153:16)
    at fetchUrl (file:///opt/aurapartnerai/backend/node_modules/@qdrant/openapi-typescript-fetch/dist/esm/fetcher.js:159:22)
    at Object.fun [as getCollections] (file:///opt/aurapartnerai/backend/node_modules/@qdrant/openapi-typescript-fetch/dist/esm/fetcher.js:165:20)
    at QdrantClient.getCollections (file:///opt/aurapartnerai/backend/node_modules/@qdrant/js-client-rest/dist/esm/qdrant-client.js:872:26) {
  cause: Error: getaddrinfo ENOTFOUND qdrant
      at GetAddrInfoReqWrap.onlookup [as oncomplete] (node:dns:107:26) {
    errno: -3008,
    code: 'ENOTFOUND',
    syscall: 'getaddrinfo',
    hostname: 'qdrant'
  }
}
You have triggered an unhandledRejection, you may have forgotten to catch a Promise rejection:
Error: Cannot find module '/opt/aurapartnerai/backend/dist/api/health' imported from /opt/aurapartnerai/backend/dist/index.js
    at new NodeError (node:internal/errors:405:5)
    at finalizeResolution (node:internal/modules/esm/resolve:327:11)
    at moduleResolve (node:internal/modules/esm/resolve:980:10)
    at defaultResolve (node:internal/modules/esm/resolve:1206:11)
    at ModuleLoader.defaultResolve (node:internal/modules/esm/loader:404:12)
    at ModuleLoader.resolve (node:internal/modules/esm/loader:373:25)
    at ModuleLoader.getModuleJob (node:internal/modules/esm/loader:250:38)
    at ModuleWrap.<anonymous> (node:internal/modules/esm/module_job:76:39)
    at link (node:internal/modules/esm/module_job:75:36)
You have triggered an unhandledRejection, you may have forgotten to catch a Promise rejection:
Error: Cannot find module '/opt/aurapartnerai/backend/dist/api/health' imported from /opt/aurapartnerai/backend/dist/index.js
    at new NodeError (node:internal/errors:405:5)
    at finalizeResolution (node:internal/modules/esm/resolve:327:11)
    at moduleResolve (node:internal/modules/esm/resolve:980:10)
    at defaultResolve (node:internal/modules/esm/resolve:1206:11)
    at ModuleLoader.defaultResolve (node:internal/modules/esm/loader:404:12)
    at ModuleLoader.resolve (node:internal/modules/esm/loader:373:25)
    at ModuleLoader.getModuleJob (node:internal/modules/esm/loader:250:38)
    at ModuleWrap.<anonymous> (node:internal/modules/esm/module_job:76:39)
    at link (node:internal/modules/esm/module_job:75:36)
